<html>
<body>
<pre>
<h1>µVision Build Log</h1>
<h2>Tool Versions:</h2>
IDE-Version: ¦ÌVision V5.25.3.0
Copyright (C) 2018 ARM Ltd and ARM Germany GmbH. All rights reserved.
License Information: Chen Ricky, FZU, LIC=D0DWF-6TLUJ-YVU1Y-IA70R-51IVV-1GP17
 
Tool Versions:
Toolchain:       MDK-ARM Plus  Version: 5.24.1
Toolchain Path:  D:\Coding\MDKeil\ARM\ARMCC\Bin
C Compiler:      Armcc.exe V5.06 update 5 (build 528)
Assembler:       Armasm.exe V5.06 update 5 (build 528)
Linker/Locator:  ArmLink.exe V5.06 update 5 (build 528)
Library Manager: ArmAr.exe V5.06 update 5 (build 528)
Hex Converter:   FromElf.exe V5.06 update 5 (build 528)
CPU DLL:         SARMCM3.DLL V5.24.1
Dialog DLL:      DARMCM1.DLL V1.18.0.0
Target DLL:      Segger\JL2CM3.dll V2.99.15.0
Dialog DLL:      TARMCM1.DLL V1.13.0.0
 
<h2>Project:</h2>
D:\Project\part-timejob\3rdFPGAalogic\M0\MDK\CM0_Hello.uvprojx
Project File Date:  10/04/2019

<h2>Output:</h2>
*** Using Compiler 'V5.06 update 5 (build 528)', folder: 'D:\Coding\MDKeil\ARM\ARMCC\Bin'
Rebuild target 'Target 1'
assembling startup_ARMCM0.s...
compiling gpio.c...
compiling system_ARMCM0.c...
compiling main.c...
compiling systick.c...
compiling UART.c...
src\UART.c(117): warning:  #120-D: return value type does not match the function type
  	return cnt;
src\UART.c(221): warning:  #120-D: return value type does not match the function type
  	return cnt;
src\UART.c: 2 warnings, 0 errors
linking...
.\Objects\CM0_Hello.axf: Warning: L6305W: Image does not have an entry point. (Not specified or not set due to multiple choices.)
Program Size: Code=436 RO-data=144 RW-data=0 ZI-data=8288  
Finished: 0 information, 1 warning and 0 error messages.
".\Objects\CM0_Hello.axf" - 0 Error(s), 3 Warning(s).

<h2>Software Packages used:</h2>

Package Vendor: ARM
                http://www.keil.com/pack/ARM.CMSIS.5.4.0.pack
                ARM.CMSIS.5.4.0
                CMSIS (Cortex Microcontroller Software Interface Standard)
   * Component: CORE Version: 5.1.2
   * Component: Startup Version: 1.0.1

<h2>Collection of Component include folders:</h2>
  .\RTE\_Target_1
  D:\Coding\MDKeil\ARM\PACK\ARM\CMSIS\5.4.0\CMSIS\Core\Include
  D:\Coding\MDKeil\ARM\PACK\ARM\CMSIS\5.4.0\Device\ARM\ARMCM0\Include

<h2>Collection of Component Files used:</h2>

   * Component: ARM::CMSIS:CORE:5.1.2

   * Component: ARM::Device:Startup:1.0.1
      Include file:  Device\ARM\ARMCM0\Include\ARMCM0.h
      Source file:   Device\ARM\ARMCM0\Source\system_ARMCM0.c
      Source file:   Device\ARM\ARMCM0\Source\ARM\startup_ARMCM0.s
Build Time Elapsed:  00:00:04
</pre>
</body>
</html>
